V = {A, B, C, D, E, S}
T = {a, b}
P = {
  A -> `C`
  A -> `a`
  B -> `C`
  B -> `b`
  C -> `C D E`
  C -> ``
  D -> `A`
  D -> `B`
  D -> `a b`
  S -> ``
  S -> `a A a`
  S -> `b B b`
}
S = S