>>> Building LL(1) Table
 >> First:
A: {c, }
S: {a, b}
 >> Follow:
A: {}
S: {<EOS>}
