V = {A, B, S}
T = {a, b}
P = {
  A ::= a A|b
  B ::= b
  S ::= A B
}
S = S
