{{1,({`0`,`0`},{`0`,`1`},`if`)},{5,({`0`,`2`},{`0`,`2`},`
`)},{1,({`1`,`0`},{`1`,`3`},`else`)},{5,({`1`,`4`},{`1`,`4`},`
`)},{1,({`2`,`0`},{`2`,`5`},`return`)},{5,({`2`,`6`},{`2`,`6`},`
`)},{1,({`3`,`0`},{`3`,`4`},`while`)},{5,({`3`,`5`},{`3`,`5`},`
`)},{1,({`4`,`0`},{`4`,`1`},`fn`)},{5,({`4`,`2`},{`4`,`2`},`
`)},{1,({`5`,`0`},{`5`,`2`},`let`)},{5,({`5`,`3`},{`6`,`0`},`

`)},{2,({`7`,`0`},{`7`,`3`},`5678`)},{5,({`7`,`4`},{`8`,`0`},`

`)},{4,({`9`,`0`},{`9`,`2`},`foo`)},{5,({`9`,`3`},{`10`,`0`},`

`)},{12,({`11`,`0`},{`11`,`0`},`+`)},{13,({`11`,`1`},{`11`,`1`},`-`)},{14,({`11`,`2`},{`11`,`2`},`*`)},{15,({`11`,`3`},{`11`,`3`},`/`)},{16,({`11`,`4`},{`11`,`4`},`<`)},{17,({`11`,`5`},{`11`,`5`},`>`)},{19,({`11`,`6`},{`11`,`6`},`!`)},{7,({`11`,`7`},{`0`,`0`},`@`)},{7,({`11`,`8`},{`0`,`0`},`#`)},{7,({`11`,`9`},{`0`,`0`},`$`)},{7,({`11`,`10`},{`0`,`0`},`%`)},{7,({`11`,`11`},{`0`,`0`},`^`)},{7,({`11`,`12`},{`0`,`0`},`&`)},{14,({`11`,`13`},{`11`,`13`},`*`)},{10,({`11`,`14`},{`11`,`14`},`(`)},{11,({`11`,`15`},{`11`,`15`},`)`)},{7,({`11`,`16`},{`0`,`0`},`_`)},{12,({`11`,`17`},{`11`,`17`},`+`)},{8,({`11`,`18`},{`11`,`18`},`{`)},{9,({`11`,`19`},{`11`,`19`},`}`)},{7,({`11`,`20`},{`0`,`0`},`"`)},{7,({`11`,`21`},{`0`,`0`},`:`)},{17,({`11`,`22`},{`11`,`22`},`>`)},{7,({`11`,`23`},{`0`,`0`},`\`)},{7,({`11`,`24`},{`0`,`0`},`|`)},{7,({`11`,`25`},{`0`,`0`},```)},{5,({`11`,`26`},{`12`,`0`},`

`)},{1,({`13`,`0`},{`13`,`1`},`if`)},{5,({`13`,`2`},{`13`,`2`},` `)},{0,({`13`,`3`},{`13`,`22`},`// this is a comment`)},{5,({`13`,`23`},{`13`,`23`},`
`)},{6,({`14`,`0`},{`14`,`0`},`EOF`)}}
