{{1,({`0`,`0`},{`0`,`1`},`fn`)},{5,({`0`,`2`},{`0`,`2`},` `)},{4,({`0`,`3`},{`0`,`6`},`main`)},{10,({`0`,`7`},{`0`,`7`},`(`)},{11,({`0`,`8`},{`0`,`8`},`)`)},{5,({`0`,`9`},{`0`,`9`},` `)},{8,({`0`,`10`},{`0`,`10`},`{`)},{5,({`0`,`11`},{`1`,`3`},`
    `)},{4,({`1`,`4`},{`1`,`12`},`factorial`)},{10,({`1`,`13`},{`1`,`13`},`(`)},{2,({`1`,`14`},{`1`,`14`},`5`)},{11,({`1`,`15`},{`1`,`15`},`)`)},{20,({`1`,`16`},{`1`,`16`},`;`)},{5,({`1`,`17`},{`1`,`17`},`
`)},{9,({`2`,`0`},{`2`,`0`},`}`)},{5,({`2`,`1`},{`3`,`0`},`

`)},{0,({`4`,`0`},{`4`,`45`},`// Returns the factorial of the given integer.`)},{5,({`4`,`46`},{`4`,`46`},`
`)},{1,({`5`,`0`},{`5`,`1`},`fn`)},{5,({`5`,`2`},{`5`,`2`},` `)},{4,({`5`,`3`},{`5`,`11`},`factorial`)},{10,({`5`,`12`},{`5`,`12`},`(`)},{4,({`5`,`13`},{`5`,`13`},`x`)},{11,({`5`,`14`},{`5`,`14`},`)`)},{5,({`5`,`15`},{`5`,`15`},` `)},{8,({`5`,`16`},{`5`,`16`},`{`)},{5,({`5`,`17`},{`6`,`3`},`
    `)},{1,({`6`,`4`},{`6`,`5`},`if`)},{5,({`6`,`6`},{`6`,`6`},` `)},{4,({`6`,`7`},{`6`,`7`},`x`)},{5,({`6`,`8`},{`6`,`8`},` `)},{18,({`6`,`9`},{`6`,`9`},`=`)},{18,({`6`,`10`},{`6`,`10`},`=`)},{5,({`6`,`11`},{`6`,`11`},` `)},{2,({`6`,`12`},{`6`,`12`},`1`)},{5,({`6`,`13`},{`6`,`13`},` `)},{8,({`6`,`14`},{`6`,`14`},`{`)},{5,({`6`,`15`},{`7`,`7`},`
        `)},{1,({`7`,`8`},{`7`,`13`},`return`)},{5,({`7`,`14`},{`7`,`14`},` `)},{2,({`7`,`15`},{`7`,`15`},`1`)},{20,({`7`,`16`},{`7`,`16`},`;`)},{5,({`7`,`17`},{`8`,`3`},`
    `)},{9,({`8`,`4`},{`8`,`4`},`}`)},{5,({`8`,`5`},{`8`,`5`},` `)},{1,({`8`,`6`},{`8`,`9`},`else`)},{5,({`8`,`10`},{`8`,`10`},` `)},{8,({`8`,`11`},{`8`,`11`},`{`)},{5,({`8`,`12`},{`9`,`7`},`
        `)},{1,({`9`,`8`},{`9`,`13`},`return`)},{5,({`9`,`14`},{`9`,`14`},` `)},{10,({`9`,`15`},{`9`,`15`},`(`)},{4,({`9`,`16`},{`9`,`16`},`x`)},{5,({`9`,`17`},{`9`,`17`},` `)},{14,({`9`,`18`},{`9`,`18`},`*`)},{5,({`9`,`19`},{`9`,`19`},` `)},{4,({`9`,`20`},{`9`,`28`},`factorial`)},{10,({`9`,`29`},{`9`,`29`},`(`)},{4,({`9`,`30`},{`9`,`30`},`x`)},{5,({`9`,`31`},{`9`,`31`},` `)},{13,({`9`,`32`},{`9`,`32`},`-`)},{5,({`9`,`33`},{`9`,`33`},` `)},{2,({`9`,`34`},{`9`,`34`},`1`)},{11,({`9`,`35`},{`9`,`35`},`)`)},{11,({`9`,`36`},{`9`,`36`},`)`)},{20,({`9`,`37`},{`9`,`37`},`;`)},{5,({`9`,`38`},{`10`,`3`},`
    `)},{9,({`10`,`4`},{`10`,`4`},`}`)},{5,({`10`,`5`},{`10`,`5`},`
`)},{9,({`11`,`0`},{`11`,`0`},`}`)},{5,({`11`,`1`},{`11`,`1`},`
`)},{6,({`12`,`0`},{`12`,`0`},`EOF`)}}
