{(`0`,`0`,`a`),(`0`,`1`,`f`),(`0`,`2`,`s`),(`0`,`3`,`d`),(`0`,`4`,`f`),(`0`,`5`,`a`),(`0`,`6`,`s`),(`0`,`7`,`
`),(`1`,`0`,`d`),(`1`,`1`,`a`),(`1`,`2`,`l`),(`1`,`3`,`k`),(`1`,`4`,`f`),(`1`,`5`,`l`),(`1`,`6`,`a`),(`1`,`7`,`s`),(`1`,`8`,`f`),(`1`,`9`,`l`),(`1`,`10`,`d`),(`1`,`11`,`f`),(`1`,`12`,`
`),(`2`,`0`,`a`),(`2`,`1`,`d`),(`2`,`2`,`j`),(`2`,`3`,`l`),(`2`,`4`,`f`),(`2`,`5`,`a`),(`2`,`6`,`l`),(`2`,`7`,`s`),(`2`,`8`,`f`),(`2`,`9`,` `),(`2`,`10`,` `),(`2`,`11`,` `),(`2`,`12`,` `),(`2`,`13`,` `),(`2`,`14`,` `),(`2`,`15`,` `),(`2`,`16`,`d`),(`2`,`17`,`
`),(`3`,`0`,` `),(`3`,`1`,` `),(`3`,`2`,` `),(`3`,`3`,` `),(`3`,`4`,`.`),(`3`,`5`,`.`),(`3`,`6`,`.`),(`3`,`7`,`.`),(`3`,`8`,`/`),(`3`,`9`,`/`),(`3`,`10`,`;`),(`3`,`11`,`6`),(`3`,`12`,`8`),(`3`,`13`,`7`),(`3`,`14`,`9`),(`3`,`15`,`2`),(`3`,`16`,`3`),(`3`,`17`,`7`),(`3`,`18`,`5`),(`3`,`19`,`8`),(`3`,`20`,`9`),(`3`,`21`,`2`),(`3`,`22`,`3`),(`3`,`23`,`-`),(`3`,`24`,`5`),(`3`,`25`,`;`),(`3`,`26`,`
`),(`4`,`0`,`1`),(`4`,`1`,`2`),(`4`,`2`,`3`),(`4`,`3`,`4`),(`4`,`4`,`5`),(`4`,`5`,`6`),(`4`,`6`,`7`),(`4`,`7`,`8`),(`4`,`8`,`9`),(`4`,`9`,`0`),(`4`,`10`,`!`),(`4`,`11`,`@`),(`4`,`12`,`#`),(`4`,`13`,`$`),(`4`,`14`,`%`),(`4`,`15`,`^`),(`4`,`16`,`&`),(`4`,`17`,`*`),(`4`,`18`,`(`),(`4`,`19`,`)`),(`4`,`20`,`{`),(`4`,`21`,`}`),(`4`,`22`,`"`),(`4`,`23`,`?`),(`4`,`24`,`>`),(`4`,`25`,`<`),(`4`,`26`,`:`),(`4`,`27`,`|`),(`4`,`28`,`\`),(`4`,`29`,`
`)}
