{"function_name":[{"end":[1,6],"start":[1,3]}],"identifier":[{"end":[2,8],"start":[2,8]}],"keyword":[{"end":[1,1],"start":[1,0]},{"end":[2,6],"start":[2,4]},{"end":[3,9],"start":[3,4]}],"literal":[{"end":[2,12],"start":[2,12]},{"end":[3,11],"start":[3,11]}]}