# 0 0
SPACE 1 0
I 2 0
f 3 0
SPACE 4 0
t 5 0
h 6 0
e 7 0
SPACE 8 0
n 9 0
u 10 0
m 11 0
b 12 0
e 13 0
r 14 0
SPACE 15 0
i 16 0
s 17 0
SPACE 18 0
p 19 0
o 20 0
s 21 0
i 22 0
t 23 0
i 24 0
v 25 0
e 26 0
, 27 0
SPACE 28 0
w 29 0
e 30 0
SPACE 31 0
p 32 0
r 33 0
i 34 0
n 35 0
t 36 0
SPACE 37 0
a 38 0
n 39 0
SPACE 40 0
a 41 0
p 42 0
p 43 0
r 44 0
o 45 0
p 46 0
r 47 0
i 48 0
a 49 0
t 50 0
e 51 0
SPACE 52 0
m 53 0
e 54 0
s 55 0
s 56 0
a 57 0
g 58 0
e 59 0
NEWLINE 60 0
NEWLINE 0 1
n 0 2
u 1 2
m 2 2
SPACE 3 2
= 4 2
SPACE 5 2
3 6 2
NEWLINE 7 2
i 0 3
f 1 3
SPACE 2 3
n 3 3
u 4 3
m 5 3
SPACE 6 3
> 7 3
SPACE 8 3
0 9 3
: 10 3
NEWLINE 11 3
SPACE 0 4
SPACE 1 4
SPACE 2 4
SPACE 3 4
p 4 4
r 5 4
i 6 4
n 7 4
t 8 4
( 9 4
n 10 4
u 11 4
m 12 4
, 13 4
SPACE 14 4
" 15 4
i 16 4
s 17 4
SPACE 18 4
a 19 4
SPACE 20 4
p 21 4
o 22 4
s 23 4
i 24 4
t 25 4
i 26 4
v 27 4
e 28 4
SPACE 29 4
n 30 4
u 31 4
m 32 4
b 33 4
e 34 4
r 35 4
. 36 4
" 37 4
) 38 4
NEWLINE 39 4
p 0 5
r 1 5
i 2 5
n 3 5
t 4 5
( 5 5
" 6 5
T 7 5
h 8 5
i 9 5
s 10 5
SPACE 11 5
i 12 5
s 13 5
SPACE 14 5
a 15 5
l 16 5
w 17 5
a 18 5
y 19 5
s 20 5
SPACE 21 5
p 22 5
r 23 5
i 24 5
n 25 5
t 26 5
e 27 5
d 28 5
. 29 5
" 30 5
) 31 5
