Keywords:
(0, 0) (0, 2)
(4, 4) (4, 5)
(8, 4) (8, 7)
(9, 8) (9, 13)
(13, 4) (13, 7)
(13, 16) (13, 17)
(14, 8) (14, 13)
(16, 4) (16, 7)
(17, 8) (17, 13)
Comments:
(1, 4) (1, 43)
(2, 4) (2, 37)
(3, 4) (3, 26)
(6, 4) (6, 20)
(7, 4) (7, 26)
(11, 4) (11, 22)
(12, 4) (12, 21)
(19, 0) (19, 15)
(22, 0) (22, 39)
(23, 0) (23, 49)
Strings:
(5, 14) (5, 30)
