Keywords:
(1, 0) (1, 1)
Comments:
(2, 30) (2, 48)
(3, 0) (5, 2)
Strings:
(2, 10) (2, 16)
(2, 20) (2, 27)
