{
    "alphabet": [
        "x"
    ],
    "states": [
        {
            "accepting": true,
            "name": "1",
            "starting": false
        },
        {
            "accepting": false,
            "name": "3",
            "starting": false
        },
        {
            "accepting": false,
            "name": "2",
            "starting": false
        },
        {
            "accepting": false,
            "name": "0",
            "starting": true
        }
    ],
    "transitions": [
        {
            "from": "2",
            "input": "x",
            "to": "1"
        },
        {
            "from": "0",
            "input": "x",
            "to": "2"
        },
        {
            "from": "3",
            "input": "x",
            "to": "2"
        },
        {
            "from": "1",
            "input": "x",
            "to": "3"
        }
    ],
    "type": "DFA"
}
