{
    "alphabet": [
        "c",
        "b"
    ],
    "states": [
        {
            "accepting": false,
            "name": "0",
            "starting": true
        },
        {
            "accepting": true,
            "name": "1",
            "starting": false
        },
        {
            "accepting": false,
            "name": "2",
            "starting": false
        },
        {
            "accepting": false,
            "name": "3",
            "starting": false
        },
        {
            "accepting": false,
            "name": "4",
            "starting": false
        }
    ],
    "transitions": [
        {
            "from": "0",
            "input": "c",
            "to": [
                {
                    "chance": 0.5,
                    "state": "1"
                },
                {
                    "chance": 0.25,
                    "state": "3"
                },
                {
                    "chance": 0.25,
                    "state": "4"
                }
            ]
        },
        {
            "from": "1",
            "input": "b",
            "to": [
                {
                    "chance": 1.0,
                    "state": "4"
                }
            ]
        }
    ],
    "type": "PDFA"
}
