{
    "alphabet": [
        "x",
        "y"
    ],
    "states": [
        {
            "accepting": false,
            "name": "a",
            "starting": false
        },
        {
            "accepting": false,
            "name": "b",
            "starting": false
        },
        {
            "accepting": true,
            "name": "c",
            "starting": false
        },
        {
            "accepting": true,
            "name": "d",
            "starting": true
        },
        {
            "accepting": false,
            "name": "e",
            "starting": false
        }
    ],
    "transitions": [
        {
            "from": "a",
            "input": "x",
            "to": [
                {
                    "chance": 0.8,
                    "state": "b"
                },
                {
                    "chance": 0.15,
                    "state": "d"
                },
                {
                    "chance": 0.05,
                    "state": "e"
                }
            ]
        },
        {
            "from": "b",
            "input": "y",
            "to": [
                {
                    "chance": 0.6,
                    "state": "e"
                },
                {
                    "chance": 0.06,
                    "state": "b"
                },
                {
                    "chance": 0.1,
                    "state": "d"
                },
                {
                    "chance": 0.18,
                    "state": "c"
                },
                {
                    "chance": 0.06,
                    "state": "a"
                }
            ]
        }
    ],
    "type": "PDFA"
}
