no_of_states=14
no_of_transitions[e]=13
no_of_transitions[y]=1
no_of_transitions[m]=1
no_of_transitions[i]=1
degree[0]=1
degree[1]=10
degree[2]=3
